Archive member included to satisfy reference by file (symbol)

/home/user/lab-osek/OSEK-GroupProject/erika/lib/libarduinosdk.a(wiring.c.o)
                              obj/hd44780.cpp.o (micros)
/home/user/lab-osek/OSEK-GroupProject/erika/lib/libarduinosdk.a(wiring_digital.c.o)
                              obj/code.cpp.o (pinMode)
/home/user/lab-osek/OSEK-GroupProject/erika/lib/libarduinosdk.a(wiring_analog.c.o)
                              obj/task.cpp.o (analogRead)
/home/user/lab-osek/OSEK-GroupProject/erika/lib/libarduinosdk.a(HardwareSerial.cpp.o)
                              obj/code.cpp.o (_ZN14HardwareSerial5beginEmh)
/home/user/lab-osek/OSEK-GroupProject/erika/lib/libarduinosdk.a(HardwareSerial0.cpp.o)
                              obj/code.cpp.o (Serial)
/home/user/lab-osek/OSEK-GroupProject/erika/lib/libarduinosdk.a(Print.cpp.o)
                              obj/debug.cpp.o (_ZN5Print5writeEPKhj)
/home/user/lab-osek/OSEK-GroupProject/erika/lib/libarduinosdk.a(hooks.c.o)
                              /home/user/lab-osek/OSEK-GroupProject/erika/lib/libarduinosdk.a(wiring.c.o) (yield)
/home/user/lab-osek/OSEK-GroupProject/erika/lib/libarduinosdk.a(abi.cpp.o)
                              /home/user/lab-osek/OSEK-GroupProject/erika/lib/libarduinosdk.a(Print.cpp.o) (__cxa_pure_virtual)
/home/user/lab-osek/OSEK-GroupProject/erika/lib/libee.a(ee_oo_api_osek.c.o)
                              obj/code.cpp.o (StartOS)
/home/user/lab-osek/OSEK-GroupProject/erika/lib/libee.a(ee_oo_sched_entry_points.c.o)
                              /home/user/lab-osek/OSEK-GroupProject/erika/lib/libee.a(ee_oo_api_osek.c.o) (osEE_scheduler_task_end)
/home/user/lab-osek/OSEK-GroupProject/erika/lib/libee.a(ee_oo_scheduler.c.o)
                              /home/user/lab-osek/OSEK-GroupProject/erika/lib/libee.a(ee_oo_api_osek.c.o) (osEE_scheduler_rq_insert)
/home/user/lab-osek/OSEK-GroupProject/erika/lib/libee.a(ee_oo_sched_partitioned.c.o)
                              /home/user/lab-osek/OSEK-GroupProject/erika/lib/libee.a(ee_oo_api_osek.c.o) (osEE_scheduler_task_activated)
/home/user/lab-osek/OSEK-GroupProject/erika/lib/libee.a(ee_oo_alarm.c.o)
                              /home/user/lab-osek/OSEK-GroupProject/erika/lib/libee.a(ee_oo_api_osek.c.o) (osEE_alarm_set_rel)
/home/user/lab-osek/OSEK-GroupProject/erika/lib/libee.a(ee_atmega_intvect.c.o)
                              /home/user/lab-osek/OSEK-GroupProject/erika/lib/libee.a(ee_oo_api_osek.c.o) (osEE_atmega_intvect)
/home/user/lab-osek/OSEK-GroupProject/erika/lib/libee.a(ee_avr8_asm.S.o)
                              /home/user/lab-osek/OSEK-GroupProject/erika/lib/libee.a(ee_oo_api_osek.c.o) (osEE_hal_save_ctx_and_ready2stacked)
/home/user/lab-osek/OSEK-GroupProject/erika/lib/libee.a(ee_avr8_irqstub.c.o)
                              /home/user/lab-osek/OSEK-GroupProject/erika/lib/libee.a(ee_atmega_intvect.c.o) (osEE_avr8_isr2_stub)
/home/user/lab-osek/OSEK-GroupProject/erika/lib/libee.a(ee_atmega_system_timer.c.o)
                              /home/user/lab-osek/OSEK-GroupProject/erika/lib/libee.a(ee_oo_api_osek.c.o) (osEE_avr8_system_timer_init)
/home/user/lab-osek/OSEK-GroupProject/erika/lib/libee.a(ee_std_change_context.c.o)
                              /home/user/lab-osek/OSEK-GroupProject/erika/lib/libee.a(ee_oo_api_osek.c.o) (osEE_change_context_from_running)
/home/user/lab-osek/OSEK-GroupProject/erika/lib/libee.a(ee_oo_counter.c.o)
                              /home/user/lab-osek/OSEK-GroupProject/erika/lib/libee.a(ee_oo_alarm.c.o) (osEE_counter_insert_abs_trigger)
/home/user/lab-osek/OSEK-GroupProject/erika/lib/libee.a(ee_atmega_timer1ctc.c.o)
                              /home/user/lab-osek/OSEK-GroupProject/erika/lib/libee.a(ee_atmega_system_timer.c.o) (OsEE_atmega_startTimer1)
/home/user/arduino-1.8.13/hardware/tools/avr/bin/../lib/gcc/avr/7.3.0/../../../../avr/lib/avr5/libm.a(addsf3.o)
                              /home/user/lab-osek/OSEK-GroupProject/erika/lib/libarduinosdk.a(Print.cpp.o) (__subsf3)
/home/user/arduino-1.8.13/hardware/tools/avr/bin/../lib/gcc/avr/7.3.0/../../../../avr/lib/avr5/libm.a(addsf3x.o)
                              /home/user/arduino-1.8.13/hardware/tools/avr/bin/../lib/gcc/avr/7.3.0/../../../../avr/lib/avr5/libm.a(addsf3.o) (__addsf3x)
/home/user/arduino-1.8.13/hardware/tools/avr/bin/../lib/gcc/avr/7.3.0/../../../../avr/lib/avr5/libm.a(cmpsf2.o)
                              obj/task.cpp.o (__nesf2)
/home/user/arduino-1.8.13/hardware/tools/avr/bin/../lib/gcc/avr/7.3.0/../../../../avr/lib/avr5/libm.a(divsf3.o)
                              obj/task.cpp.o (__divsf3)
/home/user/arduino-1.8.13/hardware/tools/avr/bin/../lib/gcc/avr/7.3.0/../../../../avr/lib/avr5/libm.a(divsf3x.o)
                              /home/user/arduino-1.8.13/hardware/tools/avr/bin/../lib/gcc/avr/7.3.0/../../../../avr/lib/avr5/libm.a(divsf3.o) (__divsf3x)
[...]
Memory Configuration

Name             Origin             Length             Attributes
text             0x0000000000000000 0x0000000000020000 xr
data             0x0000000000800060 0x000000000000ffa0 rw !x
eeprom           0x0000000000810000 0x0000000000010000 rw !x
fuse             0x0000000000820000 0x0000000000000003 rw !x
lock             0x0000000000830000 0x0000000000000400 rw !x
signature        0x0000000000840000 0x0000000000000400 rw !x
user_signatures  0x0000000000850000 0x0000000000000400 rw !x
*default*        0x0000000000000000 0xffffffffffffffff

Linker script and memory map

Address of section .data set to 0x800100
LOAD /home/user/arduino-1.8.13/hardware/tools/avr/bin/../lib/gcc/avr/7.3.0/../../../../avr/lib/avr5/crtatmega328p.o
LOAD obj/code.cpp.o
LOAD obj/debug.cpp.o
LOAD obj/ee_applcfg.c.o
LOAD obj/hd44780.cpp.o
LOAD obj/task.cpp.o
START GROUP
LOAD /home/user/lab-osek/OSEK-GroupProject/erika/lib/libarduinosdk.a
LOAD /home/user/lab-osek/OSEK-GroupProject/erika/lib/libee.a
END GROUP
LOAD /home/user/arduino-1.8.13/hardware/tools/avr/bin/../lib/gcc/avr/7.3.0/../../../../avr/lib/avr5/libm.a
START GROUP
LOAD /home/user/arduino-1.8.13/hardware/tools/avr/bin/../lib/gcc/avr/7.3.0/avr5/libgcc.a
LOAD /home/user/arduino-1.8.13/hardware/tools/avr/bin/../lib/gcc/avr/7.3.0/../../../../avr/lib/avr5/libm.a
LOAD /home/user/arduino-1.8.13/hardware/tools/avr/bin/../lib/gcc/avr/7.3.0/../../../../avr/lib/avr5/libc.a
LOAD /home/user/arduino-1.8.13/hardware/tools/avr/bin/../lib/gcc/avr/7.3.0/../../../../avr/lib/avr5/libatmega328p.a
END GROUP
                0x0000000000020000                __TEXT_REGION_LENGTH__ = DEFINED (__TEXT_REGION_LENGTH__)?__TEXT_REGION_LENGTH__:0x20000
                0x000000000000ffa0                __DATA_REGION_LENGTH__ = DEFINED (__DATA_REGION_LENGTH__)?__DATA_REGION_LENGTH__:0xffa0
                0x0000000000010000                __EEPROM_REGION_LENGTH__ = DEFINED (__EEPROM_REGION_LENGTH__)?__EEPROM_REGION_LENGTH__:0x10000
                [0x0000000000000003]                __FUSE_REGION_LENGTH__ = DEFINED (__FUSE_REGION_LENGTH__)?__FUSE_REGION_LENGTH__:0x400
                0x0000000000000400                __LOCK_REGION_LENGTH__ = DEFINED (__LOCK_REGION_LENGTH__)?__LOCK_REGION_LENGTH__:0x400
                0x0000000000000400                __SIGNATURE_REGION_LENGTH__ = DEFINED (__SIGNATURE_REGION_LENGTH__)?__SIGNATURE_REGION_LENGTH__:0x400
                0x0000000000000400                __USER_SIGNATURE_REGION_LENGTH__ = DEFINED (__USER_SIGNATURE_REGION_LENGTH__)?__USER_SIGNATURE_REGION_LENGTH__:0x400
                0x0000000000800060                __DATA_REGION_ORIGIN__ = DEFINED (__DATA_REGION_ORIGIN__)?__DATA_REGION_ORIGIN__:0x800060

.hash
 *(.hash)

.dynsym
 *(.dynsym)

.dynstr
 *(.dynstr)

.gnu.version
 *(.gnu.version)

.gnu.version_d
 *(.gnu.version_d)

.gnu.version_r
 *(.gnu.version_r)

.rel.init
 *(.rel.init)

.rela.init
 *(.rela.init)

.rel.text
 *(.rel.text)
 *(.rel.text.*)
 *(.rel.gnu.linkonce.t*)

.rela.text
 *(.rela.text)
 *(.rela.text.*)
 *(.rela.gnu.linkonce.t*)

.rel.fini
 *(.rel.fini)

.rela.fini
 *(.rela.fini)

.rel.rodata
 *(.rel.rodata)
 *(.rel.rodata.*)
 *(.rel.gnu.linkonce.r*)

.rela.rodata
 *(.rela.rodata)
 *(.rela.rodata.*)
 *(.rela.gnu.linkonce.r*)

.rel.data
 *(.rel.data)
 *(.rel.data.*)
 *(.rel.gnu.linkonce.d*)

.rela.data
 *(.rela.data)
 *(.rela.data.*)
 *(.rela.gnu.linkonce.d*)

.rel.ctors
 *(.rel.ctors)

.rela.ctors
 *(.rela.ctors)

.rel.dtors
 *(.rel.dtors)

.rela.dtors
 *(.rela.dtors)

.rel.got
 *(.rel.got)

.rela.got
 *(.rela.got)

.rel.bss
 *(.rel.bss)

.rela.bss
 *(.rela.bss)

.rel.plt
 *(.rel.plt)

.rela.plt
 *(.rela.plt)

.text           0x0000000000000000     0x2f16
 *(.vectors)
 .vectors       0x0000000000000000       0x68 /home/user/arduino-1.8.13/hardware/tools/avr/bin/../lib/gcc/avr/7.3.0/../../../../avr/lib/avr5/crtatmega328p.o
                0x0000000000000000                __vectors
 *(.vectors)
 *(.progmem.gcc*)
                0x0000000000000068                . = ALIGN (0x2)
                0x0000000000000068                __trampolines_start = .
 *(.trampolines)
 .trampolines   0x0000000000000068        0x0 linker stubs
 *(.trampolines*)
                0x0000000000000068                __trampolines_end = .
 *libprintf_flt.a:*(.progmem.data)
 *libc.a:*(.progmem.data)
 *(.progmem*)
 .progmem.data.digital_pin_to_timer_PGM
                0x0000000000000068       0x14 /home/user/lab-osek/OSEK-GroupProject/erika/lib/libarduinosdk.a(wiring_digital.c.o)
                0x0000000000000068                digital_pin_to_timer_PGM
 .progmem.data.digital_pin_to_bit_mask_PGM
                0x000000000000007c       0x14 /home/user/lab-osek/OSEK-GroupProject/erika/lib/libarduinosdk.a(wiring_digital.c.o)
                0x000000000000007c                digital_pin_to_bit_mask_PGM
 .progmem.data.digital_pin_to_port_PGM
                0x0000000000000090       0x14 /home/user/lab-osek/OSEK-GroupProject/erika/lib/libarduinosdk.a(wiring_digital.c.o)
                0x0000000000000090                digital_pin_to_port_PGM
 .progmem.data.port_to_input_PGM
                0x00000000000000a4        0xa /home/user/lab-osek/OSEK-GroupProject/erika/lib/libarduinosdk.a(wiring_digital.c.o)
                0x00000000000000a4                port_to_input_PGM
 .progmem.data.port_to_output_PGM
                0x00000000000000ae        0xa /home/user/lab-osek/OSEK-GroupProject/erika/lib/libarduinosdk.a(wiring_digital.c.o)
                0x00000000000000ae                port_to_output_PGM
 .progmem.data.port_to_mode_PGM
                0x00000000000000b8        0xa /home/user/lab-osek/OSEK-GroupProject/erika/lib/libarduinosdk.a(wiring_digital.c.o)
                0x00000000000000b8                port_to_mode_PGM
                0x00000000000000c2                . = ALIGN (0x2)
 *(.jumptables)
 *(.jumptables*)
 *(.lowtext)
 *(.lowtext*)
                0x00000000000000c2                __ctors_start = .
 *(.ctors)
 .ctors         0x00000000000000c2        0x2 /home/user/lab-osek/OSEK-GroupProject/erika/lib/libarduinosdk.a(HardwareSerial0.cpp.o)
                0x00000000000000c4                __ctors_end = .
                0x00000000000000c4                __dtors_start = .
 *(.dtors)
                0x00000000000000c4                __dtors_end = .
 SORT(*)(.ctors)
 SORT(*)(.dtors)
 *(.init0)
 .init0         0x00000000000000c4        0x0 /home/user/arduino-1.8.13/hardware/tools/avr/bin/../lib/gcc/avr/7.3.0/../../../../avr/lib/avr5/crtatmega328p.o
                0x00000000000000c4                __init
 *(.init0)
 *(.init1)
 *(.init1)
 *(.init2)
 .init2         0x00000000000000c4        0xc /home/user/arduino-1.8.13/hardware/tools/avr/bin/../lib/gcc/avr/7.3.0/../../../../avr/lib/avr5/crtatmega328p.o
 *(.init2)
 *(.init3)
 *(.init3)
 *(.init4)
 .init4         0x00000000000000d0       0x16 /home/user/arduino-1.8.13/hardware/tools/avr/bin/../lib/gcc/avr/7.3.0/avr5/libgcc.a(_copy_data.o)
                0x00000000000000d0                __do_copy_data
 .init4         0x00000000000000e6       0x10 /home/user/arduino-1.8.13/hardware/tools/avr/bin/../lib/gcc/avr/7.3.0/avr5/libgcc.a(_clear_bss.o)
                0x00000000000000e6                __do_clear_bss
 *(.init4)
 *(.init5)
 *(.init5)
 *(.init6)
 .init6         0x00000000000000f6       0x16 /home/user/arduino-1.8.13/hardware/tools/avr/bin/../lib/gcc/avr/7.3.0/avr5/libgcc.a(_ctors.o)
                0x00000000000000f6                __do_global_ctors
 *(.init6)
 *(.init7)
 *(.init7)
 *(.init8)
 *(.init8)
 *(.init9)
 .init9         0x000000000000010c        0x8 /home/user/arduino-1.8.13/hardware/tools/avr/bin/../lib/gcc/avr/7.3.0/../../../../avr/lib/avr5/crtatmega328p.o
 *(.init9)
 *(.text)
 .text          0x0000000000000114        0x4 /home/user/arduino-1.8.13/hardware/tools/avr/bin/../lib/gcc/avr/7.3.0/../../../../avr/lib/avr5/crtatmega328p.o
                0x0000000000000114                __vector_22
                0x0000000000000114                __vector_24
                0x0000000000000114                __vector_12
                0x0000000000000114                __bad_interrupt
                0x0000000000000114                __vector_6
                0x0000000000000114                __vector_3
                0x0000000000000114                __vector_23
                0x0000000000000114                __vector_25
                0x0000000000000114                __vector_13
                0x0000000000000114                __vector_17
                0x0000000000000114                __vector_7
                0x0000000000000114                __vector_5
                0x0000000000000114                __vector_4
                0x0000000000000114                __vector_9
                0x0000000000000114                __vector_2
                0x0000000000000114                __vector_21
                0x0000000000000114                __vector_15
                0x0000000000000114                __vector_8
                0x0000000000000114                __vector_14
                0x0000000000000114                __vector_10
                0x0000000000000114                __vector_20
 .text          0x0000000000000118       0xe4 /home/user/lab-osek/OSEK-GroupProject/erika/lib/libee.a(ee_avr8_asm.S.o)
                0x0000000000000118                osEE_hal_save_ctx_and_restore_ctx
                0x0000000000000158                osEE_hal_restore_ctx
                0x0000000000000198                osEE_hal_ready2stacked
                0x00000000000001a8                osEE_hal_save_ctx_and_ready2stacked
                0x00000000000001e8                osEE_hal_terminate_ctx
                0x00000000000001fc                . = ALIGN (0x2)
 *(.text.*)
 .text.idle_hook
                0x00000000000001fc       0x80 obj/code.cpp.o
                0x00000000000001fc                idle_hook
 .text.startup.main
                0x000000000000027c       0x12 obj/code.cpp.o
                0x000000000000027c                main
 .text.lcd_animation
                0x000000000000028e       0x62 obj/code.cpp.o
                0x000000000000028e                lcd_animation
 .text.check_mode
                0x00000000000002f0       0x82 obj/code.cpp.o
                0x00000000000002f0                check_mode
 .text.StartupHook
                0x0000000000000372       0x68 obj/code.cpp.o
                0x0000000000000372                StartupHook
 .text.serial_print
                0x00000000000003da       0x20 obj/debug.cpp.o
                0x00000000000003da                serial_print
 .text.hd44780_markStart
                0x00000000000003fa       0x3a obj/hd44780.cpp.o
                0x00000000000003fa                hd44780_markStart
 .text.hd44780_pinIO
                0x0000000000000434       0x34 obj/hd44780.cpp.o
                0x0000000000000434                hd44780_pinIO
 .text.iosetBacklight
                0x0000000000000468       0x72 obj/hd44780.cpp.o
                0x0000000000000468                iosetBacklight
 .text.hd44780_backlight
                0x00000000000004da        0x6 obj/hd44780.cpp.o
                0x00000000000004da                hd44780_backlight
 .text.write4bits
                0x00000000000004e0       0x3e obj/hd44780.cpp.o
                0x00000000000004e0                write4bits
 .text.pulseEnable
                0x000000000000051e       0x1c obj/hd44780.cpp.o
                0x000000000000051e                pulseEnable
 .text.iowrite  0x000000000000053a       0x48 obj/hd44780.cpp.o
                0x000000000000053a                iowrite
 .text.hd44780_command
                0x0000000000000582       0x52 obj/hd44780.cpp.o
                0x0000000000000582                hd44780_command
 .text.hd44780_clear
                0x00000000000005d4        0x6 obj/hd44780.cpp.o
                0x00000000000005d4                hd44780_clear
 .text.hd44780_setCursor
                0x00000000000005da       0x42 obj/hd44780.cpp.o
                0x00000000000005da                hd44780_setCursor
 .text.hd44780_display
                0x000000000000061c       0x12 obj/hd44780.cpp.o
                0x000000000000061c                hd44780_display
 .text.hd44780_rwrite
                0x000000000000062e       0x36 obj/hd44780.cpp.o
                0x000000000000062e                hd44780_rwrite
 .text.hd44780_write
                0x0000000000000664       0x50 obj/hd44780.cpp.o
                0x0000000000000664                hd44780_write
 .text.hd44780_printf
                0x00000000000006b4       0x8c obj/hd44780.cpp.o
                0x00000000000006b4                hd44780_printf
 .text.blPinTest
                0x0000000000000740       0x62 obj/hd44780.cpp.o
                0x0000000000000740                blPinTest
 .text.ioinit   0x00000000000007a2       0x92 obj/hd44780.cpp.o
                0x00000000000007a2                ioinit
 .text.hd44780_begin
                0x0000000000000834      0x126 obj/hd44780.cpp.o
                0x0000000000000834                hd44780_begin
 .text.hd44780_init
                0x000000000000095a       0x74 obj/hd44780.cpp.o
                0x000000000000095a                hd44780_init
 .text.FuncMileageTask
                0x00000000000009ce      0x1c4 obj/task.cpp.o
                0x00000000000009ce                FuncMileageTask
 .text.FuncDisplayTask
                0x0000000000000b92      0x17a obj/task.cpp.o
                0x0000000000000b92                FuncDisplayTask
 .text.ButtonISR
                0x0000000000000d0c        0xa obj/task.cpp.o
                0x0000000000000d0c                ButtonISR
 .text.__vector_16
                0x0000000000000d16       0x94 /home/user/lab-osek/OSEK-GroupProject/erika/lib/libarduinosdk.a(wiring.c.o)
                0x0000000000000d16                __vector_16
 .text.micros   0x0000000000000daa       0x4a /home/user/lab-osek/OSEK-GroupProject/erika/lib/libarduinosdk.a(wiring.c.o)
                0x0000000000000daa                micros
 .text.delay    0x0000000000000df4       0x72 /home/user/lab-osek/OSEK-GroupProject/erika/lib/libarduinosdk.a(wiring.c.o)
                0x0000000000000df4                delay
 .text.delayMicroseconds
                0x0000000000000e66       0x16 /home/user/lab-osek/OSEK-GroupProject/erika/lib/libarduinosdk.a(wiring.c.o)
                0x0000000000000e66                delayMicroseconds
 .text.init     0x0000000000000e7c       0x76 /home/user/lab-osek/OSEK-GroupProject/erika/lib/libarduinosdk.a(wiring.c.o)
                0x0000000000000e7c                init
 .text.turnOffPWM
                0x0000000000000ef2       0x52 /home/user/lab-osek/OSEK-GroupProject/erika/lib/libarduinosdk.a(wiring_digital.c.o)
 .text.pinMode  0x0000000000000f44       0x78 /home/user/lab-osek/OSEK-GroupProject/erika/lib/libarduinosdk.a(wiring_digital.c.o)
                0x0000000000000f44                pinMode
 .text.digitalWrite
                0x0000000000000fbc       0x5c /home/user/lab-osek/OSEK-GroupProject/erika/lib/libarduinosdk.a(wiring_digital.c.o)
                0x0000000000000fbc                digitalWrite
 .text.digitalRead
                0x0000000000001018       0x52 /home/user/lab-osek/OSEK-GroupProject/erika/lib/libarduinosdk.a(wiring_digital.c.o)
                0x0000000000001018                digitalRead
 .text.analogRead
                0x000000000000106a       0x36 /home/user/lab-osek/OSEK-GroupProject/erika/lib/libarduinosdk.a(wiring_analog.c.o)
                0x000000000000106a                analogRead
 .text.analogWrite
                0x00000000000010a0       0xba /home/user/lab-osek/OSEK-GroupProject/erika/lib/libarduinosdk.a(wiring_analog.c.o)
                0x00000000000010a0                analogWrite
 .text._ZN14HardwareSerial9availableEv
                0x000000000000115a       0x18 /home/user/lab-osek/OSEK-GroupProject/erika/lib/libarduinosdk.a(HardwareSerial.cpp.o)
                0x000000000000115a                _ZN14HardwareSerial9availableEv
 .text._ZN14HardwareSerial4peekEv
                0x0000000000001172       0x1c /home/user/lab-osek/OSEK-GroupProject/erika/lib/libarduinosdk.a(HardwareSerial.cpp.o)
                0x0000000000001172                _ZN14HardwareSerial4peekEv
 .text._ZN14HardwareSerial4readEv
                0x000000000000118e       0x28 /home/user/lab-osek/OSEK-GroupProject/erika/lib/libarduinosdk.a(HardwareSerial.cpp.o)
                0x000000000000118e                _ZN14HardwareSerial4readEv
 .text._ZN14HardwareSerial17availableForWriteEv
                0x00000000000011b6       0x1e /home/user/lab-osek/OSEK-GroupProject/erika/lib/libarduinosdk.a(HardwareSerial.cpp.o)
                0x00000000000011b6                _ZN14HardwareSerial17availableForWriteEv
 .text._Z14serialEventRunv
                0x00000000000011d4       0x1c /home/user/lab-osek/OSEK-GroupProject/erika/lib/libarduinosdk.a(HardwareSerial.cpp.o)
                0x00000000000011d4                _Z14serialEventRunv
 .text._ZN14HardwareSerial17_tx_udr_empty_irqEv
                0x00000000000011f0       0x44 /home/user/lab-osek/OSEK-GroupProject/erika/lib/libarduinosdk.a(HardwareSerial.cpp.o)
                0x00000000000011f0                _ZN14HardwareSerial17_tx_udr_empty_irqEv
 .text._ZN14HardwareSerial5flushEv
                0x0000000000001234       0x40 /home/user/lab-osek/OSEK-GroupProject/erika/lib/libarduinosdk.a(HardwareSerial.cpp.o)
                0x0000000000001234                _ZN14HardwareSerial5flushEv
 .text._ZN14HardwareSerial5writeEh
                0x0000000000001274       0x9a /home/user/lab-osek/OSEK-GroupProject/erika/lib/libarduinosdk.a(HardwareSerial.cpp.o)
                0x0000000000001274                _ZN14HardwareSerial5writeEh
 .text._ZN14HardwareSerial5beginEmh
                0x000000000000130e       0xc4 /home/user/lab-osek/OSEK-GroupProject/erika/lib/libarduinosdk.a(HardwareSerial.cpp.o)
                0x000000000000130e                _ZN14HardwareSerial5beginEmh
 .text.__vector_18
                0x00000000000013d2       0x64 /home/user/lab-osek/OSEK-GroupProject/erika/lib/libarduinosdk.a(HardwareSerial0.cpp.o)
                0x00000000000013d2                __vector_18
 .text.__vector_19
                0x0000000000001436       0x4c /home/user/lab-osek/OSEK-GroupProject/erika/lib/libarduinosdk.a(HardwareSerial0.cpp.o)
                0x0000000000001436                __vector_19
 .text._Z17Serial0_availablev
                0x0000000000001482       0x14 /home/user/lab-osek/OSEK-GroupProject/erika/lib/libarduinosdk.a(HardwareSerial0.cpp.o)
                0x0000000000001482                _Z17Serial0_availablev
 .text.startup._GLOBAL__sub_I___vector_18
                0x0000000000001496       0x5a /home/user/lab-osek/OSEK-GroupProject/erika/lib/libarduinosdk.a(HardwareSerial0.cpp.o)
 .text._ZN5Print5writeEPKhj
                0x00000000000014f0       0x5a /home/user/lab-osek/OSEK-GroupProject/erika/lib/libarduinosdk.a(Print.cpp.o)
                0x00000000000014f0                _ZN5Print5writeEPKhj
 .text.__empty  0x000000000000154a        0x2 /home/user/lab-osek/OSEK-GroupProject/erika/lib/libarduinosdk.a(hooks.c.o)
                0x000000000000154a                yield
 .text.osEE_check_disableint
                0x000000000000154c       0x24 /home/user/lab-osek/OSEK-GroupProject/erika/lib/libee.a(ee_oo_api_osek.c.o)
 .text.StartOS  0x0000000000001570      0x1b8 /home/user/lab-osek/OSEK-GroupProject/erika/lib/libee.a(ee_oo_api_osek.c.o)
                0x0000000000001570                StartOS
 .text.GetActiveApplicationMode
                0x0000000000001728       0x18 /home/user/lab-osek/OSEK-GroupProject/erika/lib/libee.a(ee_oo_api_osek.c.o)
                0x0000000000001728                GetActiveApplicationMode
 .text.WaitEvent
                0x0000000000001740       0xec /home/user/lab-osek/OSEK-GroupProject/erika/lib/libee.a(ee_oo_api_osek.c.o)
                0x0000000000001740                WaitEvent
 .text.SetEvent
                0x000000000000182c      0x10c /home/user/lab-osek/OSEK-GroupProject/erika/lib/libee.a(ee_oo_api_osek.c.o)
                0x000000000000182c                SetEvent
 .text.GetEvent
                0x0000000000001938       0xae /home/user/lab-osek/OSEK-GroupProject/erika/lib/libee.a(ee_oo_api_osek.c.o)
                0x0000000000001938                GetEvent
 .text.ClearEvent
                0x00000000000019e6       0x66 /home/user/lab-osek/OSEK-GroupProject/erika/lib/libee.a(ee_oo_api_osek.c.o)
                0x00000000000019e6                ClearEvent
 .text.osEE_scheduler_task_end
                0x0000000000001a4c       0x30 /home/user/lab-osek/OSEK-GroupProject/erika/lib/libee.a(ee_oo_sched_entry_points.c.o)
                0x0000000000001a4c                osEE_scheduler_task_end
 .text.osEE_scheduler_task_wrapper_restore
                0x0000000000001a7c        0x2 /home/user/lab-osek/OSEK-GroupProject/erika/lib/libee.a(ee_oo_sched_entry_points.c.o)
                0x0000000000001a7c                osEE_scheduler_task_wrapper_restore
 .text.osEE_scheduler_task_wrapper_run
                0x0000000000001a7e       0x24 /home/user/lab-osek/OSEK-GroupProject/erika/lib/libee.a(ee_oo_sched_entry_points.c.o)
                0x0000000000001a7e                osEE_scheduler_task_wrapper_run
 .text.osEE_idle_hook_wrapper
                0x0000000000001aa2       0x54 /home/user/lab-osek/OSEK-GroupProject/erika/lib/libee.a(ee_oo_sched_entry_points.c.o)
                0x0000000000001aa2                osEE_idle_hook_wrapper
 .text.osEE_scheduler_core_rq_preempt_stk
                0x0000000000001af6       0xae /home/user/lab-osek/OSEK-GroupProject/erika/lib/libee.a(ee_oo_scheduler.c.o)
                0x0000000000001af6                osEE_scheduler_core_rq_preempt_stk
 .text.osEE_sn_priority_insert
                0x0000000000001ba4       0xaa /home/user/lab-osek/OSEK-GroupProject/erika/lib/libee.a(ee_oo_scheduler.c.o)
                0x0000000000001ba4                osEE_sn_priority_insert
 .text.osEE_scheduler_rq_insert
                0x0000000000001c4e        0xe /home/user/lab-osek/OSEK-GroupProject/erika/lib/libee.a(ee_oo_scheduler.c.o)
                0x0000000000001c4e                osEE_scheduler_rq_insert
 .text.osEE_scheduler_core_pop_running
                0x0000000000001c5c       0x54 /home/user/lab-osek/OSEK-GroupProject/erika/lib/libee.a(ee_oo_scheduler.c.o)
                0x0000000000001c5c                osEE_scheduler_core_pop_running
 .text.osEE_scheduler_task_activated
                0x0000000000001cb0       0xd4 /home/user/lab-osek/OSEK-GroupProject/erika/lib/libee.a(ee_oo_sched_partitioned.c.o)
                0x0000000000001cb0                osEE_scheduler_task_activated
 .text.osEE_scheduler_task_block_current
                0x0000000000001d84       0x4a /home/user/lab-osek/OSEK-GroupProject/erika/lib/libee.a(ee_oo_sched_partitioned.c.o)
                0x0000000000001d84                osEE_scheduler_task_block_current
 .text.osEE_scheduler_task_unblocked
                0x0000000000001dce       0x64 /home/user/lab-osek/OSEK-GroupProject/erika/lib/libee.a(ee_oo_sched_partitioned.c.o)
                0x0000000000001dce                osEE_scheduler_task_unblocked
 .text.osEE_scheduler_task_terminated
                0x0000000000001e32       0xfa /home/user/lab-osek/OSEK-GroupProject/erika/lib/libee.a(ee_oo_sched_partitioned.c.o)
                0x0000000000001e32                osEE_scheduler_task_terminated
 .text.osEE_scheduler_task_preemption_point
                0x0000000000001f2c       0x32 /home/user/lab-osek/OSEK-GroupProject/erika/lib/libee.a(ee_oo_sched_partitioned.c.o)
                0x0000000000001f2c                osEE_scheduler_task_preemption_point
 .text.osEE_scheduler_task_set_running
                0x0000000000001f5e       0x50 /home/user/lab-osek/OSEK-GroupProject/erika/lib/libee.a(ee_oo_sched_partitioned.c.o)
                0x0000000000001f5e                osEE_scheduler_task_set_running
 .text.osEE_alarm_set_rel
                0x0000000000001fae       0x22 /home/user/lab-osek/OSEK-GroupProject/erika/lib/libee.a(ee_oo_alarm.c.o)
                0x0000000000001fae                osEE_alarm_set_rel
 .text.__vector_default
                0x0000000000001fd0        0x4 /home/user/lab-osek/OSEK-GroupProject/erika/lib/libee.a(ee_atmega_intvect.c.o)
                0x0000000000001fd0                __vector_default
                0x0000000000001fd0                tag___vector_default
 .text.osEE_atmega_intvect
                0x0000000000001fd4        0x4 /home/user/lab-osek/OSEK-GroupProject/erika/lib/libee.a(ee_atmega_intvect.c.o)
                0x0000000000001fd4                osEE_atmega_intvect
 .text.__vector_1
                0x0000000000001fd8       0x10 /home/user/lab-osek/OSEK-GroupProject/erika/lib/libee.a(ee_atmega_intvect.c.o)
                0x0000000000001fd8                __vector_1
                0x0000000000001fd8                tag___vector_1
 .text.__vector_11
                0x0000000000001fe8       0x10 /home/user/lab-osek/OSEK-GroupProject/erika/lib/libee.a(ee_atmega_intvect.c.o)
                0x0000000000001fe8                __vector_11
                0x0000000000001fe8                tag___vector_11
 .text.osEE_avr8_isr2_stub
                0x0000000000001ff8       0x6c /home/user/lab-osek/OSEK-GroupProject/erika/lib/libee.a(ee_avr8_irqstub.c.o)
                0x0000000000001ff8                osEE_avr8_isr2_stub
 .text.osEE_avr8_system_timer_init
                0x0000000000002064        0xc /home/user/lab-osek/OSEK-GroupProject/erika/lib/libee.a(ee_atmega_system_timer.c.o)
                0x0000000000002064                osEE_avr8_system_timer_init
 .text.osEE_avr8_system_timer_handler
                0x0000000000002070        0xc /home/user/lab-osek/OSEK-GroupProject/erika/lib/libee.a(ee_atmega_system_timer.c.o)
                0x0000000000002070                osEE_avr8_system_timer_handler
 .text.osEE_change_context_from_running
                0x000000000000207c       0x36 /home/user/lab-osek/OSEK-GroupProject/erika/lib/libee.a(ee_std_change_context.c.o)
                0x000000000000207c                osEE_change_context_from_running
 .text.osEE_change_context_from_task_end
                0x00000000000020b2       0x2c /home/user/lab-osek/OSEK-GroupProject/erika/lib/libee.a(ee_std_change_context.c.o)
                0x00000000000020b2                osEE_change_context_from_task_end
 .text.osEE_idle_task_terminate
                0x00000000000020de       0x36 /home/user/lab-osek/OSEK-GroupProject/erika/lib/libee.a(ee_std_change_context.c.o)
                0x00000000000020de                osEE_idle_task_terminate
 .text.osEE_counter_insert_abs_trigger
                0x0000000000002114       0x96 /home/user/lab-osek/OSEK-GroupProject/erika/lib/libee.a(ee_oo_counter.c.o)
                0x0000000000002114                osEE_counter_insert_abs_trigger
 .text.osEE_counter_insert_rel_trigger
                0x00000000000021aa       0x40 /home/user/lab-osek/OSEK-GroupProject/erika/lib/libee.a(ee_oo_counter.c.o)
                0x00000000000021aa                osEE_counter_insert_rel_trigger
 .text.osEE_counter_increment
                0x00000000000021ea      0x198 /home/user/lab-osek/OSEK-GroupProject/erika/lib/libee.a(ee_oo_counter.c.o)
                0x00000000000021ea                osEE_counter_increment
 .text.OsEE_atmega_startTimer1
                0x0000000000002382       0xbc /home/user/lab-osek/OSEK-GroupProject/erika/lib/libee.a(ee_atmega_timer1ctc.c.o)
                0x0000000000002382                OsEE_atmega_startTimer1
 .text.avr-libc.fplib
                0x000000000000243e        0xe /home/user/arduino-1.8.13/hardware/tools/avr/bin/../lib/gcc/avr/7.3.0/../../../../avr/lib/avr5/libm.a(addsf3.o)
                0x000000000000243e                __subsf3
                0x0000000000002440                __addsf3
 .text.avr-libc.fplib
                0x000000000000244c       0xcc /home/user/arduino-1.8.13/hardware/tools/avr/bin/../lib/gcc/avr/7.3.0/../../../../avr/lib/avr5/libm.a(addsf3x.o)
                0x000000000000246e                __addsf3x
 .text.avr-libc.fplib
                0x0000000000002518        0xa /home/user/arduino-1.8.13/hardware/tools/avr/bin/../lib/gcc/avr/7.3.0/../../../../avr/lib/avr5/libm.a(cmpsf2.o)
                0x0000000000002518                __lesf2
                0x0000000000002518                __nesf2
                0x0000000000002518                __eqsf2
                0x0000000000002518                __cmpsf2
                0x0000000000002518                __ltsf2
 .text.avr-libc.fplib
                0x0000000000002522        0x8 /home/user/arduino-1.8.13/hardware/tools/avr/bin/../lib/gcc/avr/7.3.0/../../../../avr/lib/avr5/libm.a(divsf3.o)
                0x0000000000002522                __divsf3
 .text.avr-libc.fplib
                0x000000000000252a       0xdc /home/user/arduino-1.8.13/hardware/tools/avr/bin/../lib/gcc/avr/7.3.0/../../../../avr/lib/avr5/libm.a(divsf3x.o)
                0x000000000000254a                __divsf3x
                0x0000000000002550                __divsf3_pse
 .text.avr-libc.fplib
                0x0000000000002606        0xe /home/user/arduino-1.8.13/hardware/tools/avr/bin/../lib/gcc/avr/7.3.0/../../../../avr/lib/avr5/libm.a(fixsfsi.o)
                0x0000000000002606                __fixsfsi
 .text.avr-libc.fplib
                0x0000000000002614       0x5e /home/user/arduino-1.8.13/hardware/tools/avr/bin/../lib/gcc/avr/7.3.0/../../../../avr/lib/avr5/libm.a(fixunssfsi.o)
                0x0000000000002614                __fixunssfsi
 .text.avr-libc.fplib
                0x0000000000002672       0x7a /home/user/arduino-1.8.13/hardware/tools/avr/bin/../lib/gcc/avr/7.3.0/../../../../avr/lib/avr5/libm.a(floatsisf.o)
                0x0000000000002672                __floatunsisf
                0x0000000000002676                __floatsisf
 .text.avr-libc.fplib
                0x00000000000026ec       0x48 /home/user/arduino-1.8.13/hardware/tools/avr/bin/../lib/gcc/avr/7.3.0/../../../../avr/lib/avr5/libm.a(fp_cmp.o)
                0x00000000000026ec                __fp_cmp
 .text.avr-libc.fplib
                0x0000000000002734        0xc /home/user/arduino-1.8.13/hardware/tools/avr/bin/../lib/gcc/avr/7.3.0/../../../../avr/lib/avr5/libm.a(fp_inf.o)
                0x0000000000002734                __fp_inf
 .text.avr-libc.fplib
                0x0000000000002740        0x6 /home/user/arduino-1.8.13/hardware/tools/avr/bin/../lib/gcc/avr/7.3.0/../../../../avr/lib/avr5/libm.a(fp_nan.o)
                0x0000000000002740                __fp_nan
 .text.avr-libc.fplib
                0x0000000000002746        0xe /home/user/arduino-1.8.13/hardware/tools/avr/bin/../lib/gcc/avr/7.3.0/../../../../avr/lib/avr5/libm.a(fp_pscA.o)
                0x0000000000002746                __fp_pscA
 .text.avr-libc.fplib
                0x0000000000002754        0xe /home/user/arduino-1.8.13/hardware/tools/avr/bin/../lib/gcc/avr/7.3.0/../../../../avr/lib/avr5/libm.a(fp_pscB.o)
                0x0000000000002754                __fp_pscB
 .text.avr-libc.fplib
                0x0000000000002762       0x22 /home/user/arduino-1.8.13/hardware/tools/avr/bin/../lib/gcc/avr/7.3.0/../../../../avr/lib/avr5/libm.a(fp_round.o)
                0x0000000000002762                __fp_round
 .text.avr-libc.fplib
                0x0000000000002784       0x44 /home/user/arduino-1.8.13/hardware/tools/avr/bin/../lib/gcc/avr/7.3.0/../../../../avr/lib/avr5/libm.a(fp_split3.o)
                0x0000000000002784                __fp_split3
                0x0000000000002794                __fp_splitA
 .text.avr-libc.fplib
                0x00000000000027c8        0xe /home/user/arduino-1.8.13/hardware/tools/avr/bin/../lib/gcc/avr/7.3.0/../../../../avr/lib/avr5/libm.a(fp_zero.o)
                0x00000000000027c8                __fp_zero
                0x00000000000027ca                __fp_szero
 .text.avr-libc.fplib
                0x00000000000027d6        0x8 /home/user/arduino-1.8.13/hardware/tools/avr/bin/../lib/gcc/avr/7.3.0/../../../../avr/lib/avr5/libm.a(mulsf3.o)
                0x00000000000027d6                __mulsf3
 .text.avr-libc.fplib
                0x00000000000027de       0xd2 /home/user/arduino-1.8.13/hardware/tools/avr/bin/../lib/gcc/avr/7.3.0/../../../../avr/lib/avr5/libm.a(mulsf3x.o)
                0x00000000000027fc                __mulsf3x
                0x0000000000002802                __mulsf3_pse
 .text.libgcc.div
                0x00000000000028b0       0x28 /home/user/arduino-1.8.13/hardware/tools/avr/bin/../lib/gcc/avr/7.3.0/avr5/libgcc.a(_divmodhi4.o)
                0x00000000000028b0                __divmodhi4
                0x00000000000028b0                _div
 .text.libgcc.div
                0x00000000000028d8       0x44 /home/user/arduino-1.8.13/hardware/tools/avr/bin/../lib/gcc/avr/7.3.0/avr5/libgcc.a(_udivmodsi4.o)
                0x00000000000028d8                __udivmodsi4
 .text.libgcc.div
                0x000000000000291c       0x28 /home/user/arduino-1.8.13/hardware/tools/avr/bin/../lib/gcc/avr/7.3.0/avr5/libgcc.a(_udivmodhi4.o)
                0x000000000000291c                __udivmodhi4
 .text.libgcc   0x0000000000002944        0xc /home/user/arduino-1.8.13/hardware/tools/avr/bin/../lib/gcc/avr/7.3.0/avr5/libgcc.a(_tablejump2.o)
                0x0000000000002944                __tablejump2__
 .text.avr-libc
                0x0000000000002950       0x58 /home/user/arduino-1.8.13/hardware/tools/avr/bin/../lib/gcc/avr/7.3.0/../../../../avr/lib/avr5/libc.a(vsnprintf.o)
                0x0000000000002950                vsnprintf
 .text.avr-libc
                0x00000000000029a8      0x3b4 /home/user/arduino-1.8.13/hardware/tools/avr/bin/../lib/gcc/avr/7.3.0/../../../../avr/lib/avr5/libc.a(vfprintf_std.o)
                0x00000000000029a8                vfprintf
 .text.avr-libc
                0x0000000000002d5c       0x16 /home/user/arduino-1.8.13/hardware/tools/avr/bin/../lib/gcc/avr/7.3.0/../../../../avr/lib/avr5/libc.a(strnlen_P.o)
                0x0000000000002d5c                strnlen_P
 .text.avr-libc
                0x0000000000002d72       0x16 /home/user/arduino-1.8.13/hardware/tools/avr/bin/../lib/gcc/avr/7.3.0/../../../../avr/lib/avr5/libc.a(strnlen.o)
                0x0000000000002d72                strnlen
 .text.avr-libc
                0x0000000000002d88       0x60 /home/user/arduino-1.8.13/hardware/tools/avr/bin/../lib/gcc/avr/7.3.0/../../../../avr/lib/avr5/libc.a(fputc.o)
                0x0000000000002d88                fputc
 .text.avr-libc
                0x0000000000002de8       0xbc /home/user/arduino-1.8.13/hardware/tools/avr/bin/../lib/gcc/avr/7.3.0/../../../../avr/lib/avr5/libc.a(ultoa_invert.o)
                0x0000000000002de8                __ultoa_invert
 .text.libgcc.prologue
                0x0000000000002ea4       0x38 /home/user/arduino-1.8.13/hardware/tools/avr/bin/../lib/gcc/avr/7.3.0/avr5/libgcc.a(_prologue.o)
                0x0000000000002ea4                __prologue_saves__
 .text.libgcc.prologue
                0x0000000000002edc       0x36 /home/user/arduino-1.8.13/hardware/tools/avr/bin/../lib/gcc/avr/7.3.0/avr5/libgcc.a(_epilogue.o)
                0x0000000000002edc                __epilogue_restores__
                0x0000000000002f12                . = ALIGN (0x2)
 *(.fini9)
 .fini9         0x0000000000002f12        0x0 /home/user/arduino-1.8.13/hardware/tools/avr/bin/../lib/gcc/avr/7.3.0/avr5/libgcc.a(_exit.o)
                0x0000000000002f12                exit
                0x0000000000002f12                _exit
 *(.fini9)
 *(.fini8)
 *(.fini8)
 *(.fini7)
 *(.fini7)
 *(.fini6)
 *(.fini6)
 *(.fini5)
 *(.fini5)
 *(.fini4)
 *(.fini4)
 *(.fini3)
 *(.fini3)
 *(.fini2)
 *(.fini2)
 *(.fini1)
 *(.fini1)
 *(.fini0)
 .fini0         0x0000000000002f12        0x4 /home/user/arduino-1.8.13/hardware/tools/avr/bin/../lib/gcc/avr/7.3.0/avr5/libgcc.a(_exit.o)
 *(.fini0)
                0x0000000000002f16                _etext = .

.data           0x0000000000800100      0x1cc load address 0x0000000000002f16
                0x0000000000800100                PROVIDE (__data_start, .)
 *(.data)
 *(.data*)
 .data.CCB      0x0000000000800100       0x12 obj/ee_applcfg.c.o
                0x0000000000800100                CCB
 .data.sn_array
                0x0000000000800112       0x10 obj/ee_applcfg.c.o
                0x0000000000800112                sn_array
 .data.tcb_array
                0x0000000000800122       0x32 obj/ee_applcfg.c.o
                0x0000000000800122                tcb_array
 .data.scb_array
                0x0000000000800154        0x6 obj/ee_applcfg.c.o
                0x0000000000800154                scb_array
 .data.adc2mph  0x000000000080015a        0x4 obj/task.cpp.o
                0x000000000080015a                adc2mph
 .data.adc2kph  0x000000000080015e        0x4 obj/task.cpp.o
                0x000000000080015e                adc2kph
 .data.analog_reference
                0x0000000000800162        0x1 /home/user/lab-osek/OSEK-GroupProject/erika/lib/libarduinosdk.a(wiring_analog.c.o)
                0x0000000000800162                analog_reference
 *(.gnu.linkonce.d*)
 *(.rodata)
 *(.rodata*)
 .rodata.idle_hook.str1.1
                0x0000000000800163       0x1c obj/code.cpp.o
 .rodata.lcd_animation.str1.1
                0x000000000080017f       0x11 obj/code.cpp.o
 .rodata.check_mode.str1.1
                0x0000000000800190       0x1e obj/code.cpp.o
 .rodata.StartupHook.str1.1
                0x00000000008001ae        0x6 obj/code.cpp.o
 .rodata.KDB    0x00000000008001b4       0x16 obj/ee_applcfg.c.o
                0x00000000008001b4                KDB
 .rodata.CDB    0x00000000008001ca       0x10 obj/ee_applcfg.c.o
                0x00000000008001ca                CDB
 .rodata.osEE_autostart_trigger_db
                0x00000000008001da        0xc obj/ee_applcfg.c.o
                0x00000000008001da                osEE_autostart_trigger_db
 .rodata.trigger_autostart_info_OSDEFAULTAPPMODE
                0x00000000008001e6        0x6 obj/ee_applcfg.c.o
                0x00000000008001e6                trigger_autostart_info_OSDEFAULTAPPMODE
 .rodata.trigger_autostart_info_Miles
                0x00000000008001ec        0x6 obj/ee_applcfg.c.o
                0x00000000008001ec                trigger_autostart_info_Miles
 .rodata.trigger_autostart_info_Kilometers
                0x00000000008001f2        0x6 obj/ee_applcfg.c.o
                0x00000000008001f2                trigger_autostart_info_Kilometers
 .rodata.alarm_db_ptr_array
                0x00000000008001f8        0x2 obj/ee_applcfg.c.o
                0x00000000008001f8                alarm_db_ptr_array
 .rodata.alarm_db_array
                0x00000000008001fa        0xe obj/ee_applcfg.c.o
                0x00000000008001fa                alarm_db_array
 .rodata.counter_db_ptr_array
                0x0000000000800208        0x2 obj/ee_applcfg.c.o
                0x0000000000800208                counter_db_ptr_array
 .rodata.counter_db_array
                0x000000000080020a        0x8 obj/ee_applcfg.c.o
                0x000000000080020a                counter_db_array
 .rodata.osEE_autostart_tdb
                0x0000000000800212        0xc obj/ee_applcfg.c.o
                0x0000000000800212                osEE_autostart_tdb
 .rodata.tdb_ptr_autostart_Kilometers
                0x000000000080021e        0x4 obj/ee_applcfg.c.o
                0x000000000080021e                tdb_ptr_autostart_Kilometers
 .rodata.res_db_ptr_array
                0x0000000000800222        0x2 obj/ee_applcfg.c.o
                0x0000000000800222                res_db_ptr_array
 .rodata.res_db_array
                0x0000000000800224        0x3 obj/ee_applcfg.c.o
                0x0000000000800224                res_db_array
 .rodata.tdb_ptr_array
                0x0000000000800227        0xa obj/ee_applcfg.c.o
                0x0000000000800227                tdb_ptr_array
 .rodata.tdb_array
                0x0000000000800231       0x46 obj/ee_applcfg.c.o
                0x0000000000800231                tdb_array
 .rodata.sdb_array
                0x0000000000800277        0xc obj/ee_applcfg.c.o
                0x0000000000800277                sdb_array
 .rodata.FuncDisplayTask.str1.1
                0x0000000000800283       0x37 obj/task.cpp.o
 .rodata._ZTV14HardwareSerial
                0x00000000008002ba       0x12 /home/user/lab-osek/OSEK-GroupProject/erika/lib/libarduinosdk.a(HardwareSerial.cpp.o)
                0x00000000008002ba                _ZTV14HardwareSerial
 *(.gnu.linkonce.r*)
                0x00000000008002cc                . = ALIGN (0x2)
                0x00000000008002cc                _edata = .
                0x00000000008002cc                PROVIDE (__data_end, .)

.bss            0x00000000008002cc      0x1f0
                0x00000000008002cc                PROVIDE (__bss_start, .)
 *(.bss)
 *(.bss*)
 .bss.main_sp   0x00000000008002cc        0x2 obj/code.cpp.o
                0x00000000008002cc                main_sp
 .bss.startupmode
                0x00000000008002ce        0x1 obj/code.cpp.o
                0x00000000008002ce                startupmode
 .bss._blLevel  0x00000000008002cf        0x1 obj/hd44780.cpp.o
                0x00000000008002cf                _blLevel
 .bss._bl       0x00000000008002d0        0x1 obj/hd44780.cpp.o
                0x00000000008002d0                _bl
 .bss._d7       0x00000000008002d1        0x1 obj/hd44780.cpp.o
                0x00000000008002d1                _d7
 .bss._d6       0x00000000008002d2        0x1 obj/hd44780.cpp.o
                0x00000000008002d2                _d6
 .bss._d5       0x00000000008002d3        0x1 obj/hd44780.cpp.o
                0x00000000008002d3                _d5
 .bss._d4       0x00000000008002d4        0x1 obj/hd44780.cpp.o
                0x00000000008002d4                _d4
 .bss._en       0x00000000008002d5        0x1 obj/hd44780.cpp.o
                0x00000000008002d5                _en
 .bss._rw       0x00000000008002d6        0x1 obj/hd44780.cpp.o
                0x00000000008002d6                _rw
 .bss._rs       0x00000000008002d7        0x1 obj/hd44780.cpp.o
                0x00000000008002d7                _rs
 .bss._execTime
                0x00000000008002d8        0x4 obj/hd44780.cpp.o
                0x00000000008002d8                _execTime
 .bss._startTime
                0x00000000008002dc        0x4 obj/hd44780.cpp.o
                0x00000000008002dc                _startTime
 .bss._insExecTime
                0x00000000008002e0        0x4 obj/hd44780.cpp.o
                0x00000000008002e0                _insExecTime
 .bss._chExecTime
                0x00000000008002e4        0x4 obj/hd44780.cpp.o
                0x00000000008002e4                _chExecTime
 .bss._wraplines
                0x00000000008002e8        0x1 obj/hd44780.cpp.o
                0x00000000008002e8                _wraplines
 .bss._currow   0x00000000008002e9        0x1 obj/hd44780.cpp.o
                0x00000000008002e9                _currow
 .bss._curcol   0x00000000008002ea        0x1 obj/hd44780.cpp.o
                0x00000000008002ea                _curcol
 .bss._rowOffsets
                0x00000000008002eb        0x4 obj/hd44780.cpp.o
                0x00000000008002eb                _rowOffsets
 .bss._rows     0x00000000008002ef        0x1 obj/hd44780.cpp.o
                0x00000000008002ef                _rows
 .bss._cols     0x00000000008002f0        0x1 obj/hd44780.cpp.o
                0x00000000008002f0                _cols
 .bss._displaymode
                0x00000000008002f1        0x1 obj/hd44780.cpp.o
                0x00000000008002f1                _displaymode
 .bss._displaycontrol
                0x00000000008002f2        0x1 obj/hd44780.cpp.o
                0x00000000008002f2                _displaycontrol
 .bss._displayfunction
                0x00000000008002f3        0x1 obj/hd44780.cpp.o
                0x00000000008002f3                _displayfunction
 .bss.sec       0x00000000008002f4        0x2 obj/task.cpp.o
                0x00000000008002f4                sec
 .bss.min       0x00000000008002f6        0x2 obj/task.cpp.o
                0x00000000008002f6                min
 .bss.hour      0x00000000008002f8        0x2 obj/task.cpp.o
                0x00000000008002f8                hour
 .bss.mileage   0x00000000008002fa        0x2 obj/task.cpp.o
                0x00000000008002fa                mileage
 .bss.decimal   0x00000000008002fc        0x2 obj/task.cpp.o
                0x00000000008002fc                decimal
 .bss.speed     0x00000000008002fe        0x4 obj/task.cpp.o
                0x00000000008002fe                speed
 .bss.adc       0x0000000000800302        0x2 obj/task.cpp.o
                0x0000000000800302                adc
 .bss.timer0_fract
                0x0000000000800304        0x1 /home/user/lab-osek/OSEK-GroupProject/erika/lib/libarduinosdk.a(wiring.c.o)
 .bss.timer0_millis
                0x0000000000800305        0x4 /home/user/lab-osek/OSEK-GroupProject/erika/lib/libarduinosdk.a(wiring.c.o)
                0x0000000000800305                timer0_millis
 .bss.timer0_overflow_count
                0x0000000000800309        0x4 /home/user/lab-osek/OSEK-GroupProject/erika/lib/libarduinosdk.a(wiring.c.o)
                0x0000000000800309                timer0_overflow_count
 .bss.Serial    0x000000000080030d       0x9d /home/user/lab-osek/OSEK-GroupProject/erika/lib/libarduinosdk.a(HardwareSerial0.cpp.o)
                0x000000000080030d                Serial
 *(COMMON)
 COMMON         0x00000000008003aa      0x112 obj/ee_applcfg.c.o
                0x00000000008003aa                KCB
                0x00000000008003ab                osEE_task_stack_1
                0x000000000080042b                alarm_cb_array
                0x0000000000800433                counter_cb_array
                0x0000000000800437                res_cb_array
                0x000000000080043c                osEE_task_stack_2
                0x00000000008004bc                PROVIDE (__bss_end, .)
                0x0000000000002f16                __data_load_start = LOADADDR (.data)
                0x00000000000030e2                __data_load_end = (__data_load_start + SIZEOF (.data))

.noinit         0x00000000008004bc        0x0
                [!provide]                        PROVIDE (__noinit_start, .)
 *(.noinit*)
                [!provide]                        PROVIDE (__noinit_end, .)
                0x00000000008004bc                _end = .
                [!provide]                        PROVIDE (__heap_start, .)

.eeprom         0x0000000000810000        0x0
 *(.eeprom*)
                0x0000000000810000                __eeprom_end = .

.fuse
 *(.fuse)
 *(.lfuse)
 *(.hfuse)
 *(.efuse)

.lock
 *(.lock*)

.signature
 *(.signature*)

.user_signatures
 *(.user_signatures*)

.stab
 *(.stab)

.stabstr
 *(.stabstr)

.stab.excl
 *(.stab.excl)

.stab.exclstr
 *(.stab.exclstr)

.stab.index
 *(.stab.index)

.stab.indexstr
 *(.stab.indexstr)

.comment        0x0000000000000000       0x11
 *(.comment)
 .comment       0x0000000000000000       0x11 obj/code.cpp.o
                                         0x12 (size before relaxing)
 .comment       0x0000000000000011       0x12 obj/debug.cpp.o
 .comment       0x0000000000000011       0x12 obj/ee_applcfg.c.o
 .comment       0x0000000000000011       0x12 obj/hd44780.cpp.o
 .comment       0x0000000000000011       0x12 obj/task.cpp.o
 .comment       0x0000000000000011       0x12 /home/user/lab-osek/OSEK-GroupProject/erika/lib/libarduinosdk.a(wiring.c.o)
 .comment       0x0000000000000011       0x12 /home/user/lab-osek/OSEK-GroupProject/erika/lib/libarduinosdk.a(wiring_digital.c.o)
 .comment       0x0000000000000011       0x12 /home/user/lab-osek/OSEK-GroupProject/erika/lib/libarduinosdk.a(wiring_analog.c.o)
 .comment       0x0000000000000011       0x12 /home/user/lab-osek/OSEK-GroupProject/erika/lib/libarduinosdk.a(HardwareSerial.cpp.o)
 .comment       0x0000000000000011       0x12 /home/user/lab-osek/OSEK-GroupProject/erika/lib/libarduinosdk.a(HardwareSerial0.cpp.o)
 .comment       0x0000000000000011       0x12 /home/user/lab-osek/OSEK-GroupProject/erika/lib/libarduinosdk.a(Print.cpp.o)
 .comment       0x0000000000000011       0x12 /home/user/lab-osek/OSEK-GroupProject/erika/lib/libarduinosdk.a(hooks.c.o)
 .comment       0x0000000000000011       0x12 /home/user/lab-osek/OSEK-GroupProject/erika/lib/libee.a(ee_oo_api_osek.c.o)
 .comment       0x0000000000000011       0x12 /home/user/lab-osek/OSEK-GroupProject/erika/lib/libee.a(ee_oo_sched_entry_points.c.o)
 .comment       0x0000000000000011       0x12 /home/user/lab-osek/OSEK-GroupProject/erika/lib/libee.a(ee_oo_scheduler.c.o)
 .comment       0x0000000000000011       0x12 /home/user/lab-osek/OSEK-GroupProject/erika/lib/libee.a(ee_oo_sched_partitioned.c.o)
 .comment       0x0000000000000011       0x12 /home/user/lab-osek/OSEK-GroupProject/erika/lib/libee.a(ee_oo_alarm.c.o)
 .comment       0x0000000000000011       0x12 /home/user/lab-osek/OSEK-GroupProject/erika/lib/libee.a(ee_atmega_intvect.c.o)
 .comment       0x0000000000000011       0x12 /home/user/lab-osek/OSEK-GroupProject/erika/lib/libee.a(ee_avr8_irqstub.c.o)
 .comment       0x0000000000000011       0x12 /home/user/lab-osek/OSEK-GroupProject/erika/lib/libee.a(ee_atmega_system_timer.c.o)
 .comment       0x0000000000000011       0x12 /home/user/lab-osek/OSEK-GroupProject/erika/lib/libee.a(ee_std_change_context.c.o)
 .comment       0x0000000000000011       0x12 /home/user/lab-osek/OSEK-GroupProject/erika/lib/libee.a(ee_oo_counter.c.o)
 .comment       0x0000000000000011       0x12 /home/user/lab-osek/OSEK-GroupProject/erika/lib/libee.a(ee_atmega_timer1ctc.c.o)
 .comment       0x0000000000000011       0x12 /home/user/arduino-1.8.13/hardware/tools/avr/bin/../lib/gcc/avr/7.3.0/../../../../avr/lib/avr5/libc.a(vsnprintf.o)
 .comment       0x0000000000000011       0x12 /home/user/arduino-1.8.13/hardware/tools/avr/bin/../lib/gcc/avr/7.3.0/../../../../avr/lib/avr5/libc.a(vfprintf_std.o)
 .comment       0x0000000000000011       0x12 /home/user/arduino-1.8.13/hardware/tools/avr/bin/../lib/gcc/avr/7.3.0/../../../../avr/lib/avr5/libc.a(fputc.o)

.note.gnu.avr.deviceinfo
                0x0000000000000000       0x40
 .note.gnu.avr.deviceinfo
                0x0000000000000000       0x40 /home/user/arduino-1.8.13/hardware/tools/avr/bin/../lib/gcc/avr/7.3.0/../../../../avr/lib/avr5/crtatmega328p.o

.note.gnu.build-id
 *(.note.gnu.build-id)

.debug
 *(.debug)

.line
 *(.line)

.debug_srcinfo
 *(.debug_srcinfo)

.debug_sfnames
 *(.debug_sfnames)

.debug_aranges  0x0000000000000000      0x6c8
 *(.debug_aranges)
 .debug_aranges
                0x0000000000000000       0x48 /home/user/lab-osek/OSEK-GroupProject/erika/lib/libarduinosdk.a(wiring.c.o)
 .debug_aranges
                0x0000000000000048       0x38 /home/user/lab-osek/OSEK-GroupProject/erika/lib/libarduinosdk.a(wiring_digital.c.o)
 .debug_aranges
                0x0000000000000080       0x30 /home/user/lab-osek/OSEK-GroupProject/erika/lib/libarduinosdk.a(wiring_analog.c.o)
 .debug_aranges
                0x00000000000000b0       0x68 /home/user/lab-osek/OSEK-GroupProject/erika/lib/libarduinosdk.a(HardwareSerial.cpp.o)
 .debug_aranges
                0x0000000000000118       0x38 /home/user/lab-osek/OSEK-GroupProject/erika/lib/libarduinosdk.a(HardwareSerial0.cpp.o)
 .debug_aranges
                0x0000000000000150      0x100 /home/user/lab-osek/OSEK-GroupProject/erika/lib/libarduinosdk.a(Print.cpp.o)
 .debug_aranges
                0x0000000000000250       0x20 /home/user/lab-osek/OSEK-GroupProject/erika/lib/libarduinosdk.a(hooks.c.o)
 .debug_aranges
                0x0000000000000270       0xf8 /home/user/lab-osek/OSEK-GroupProject/erika/lib/libee.a(ee_oo_api_osek.c.o)
 .debug_aranges
                0x0000000000000368       0x38 /home/user/lab-osek/OSEK-GroupProject/erika/lib/libee.a(ee_oo_sched_entry_points.c.o)
 .debug_aranges
                0x00000000000003a0       0x38 /home/user/lab-osek/OSEK-GroupProject/erika/lib/libee.a(ee_oo_scheduler.c.o)
 .debug_aranges
                0x00000000000003d8       0x48 /home/user/lab-osek/OSEK-GroupProject/erika/lib/libee.a(ee_oo_sched_partitioned.c.o)
 .debug_aranges
                0x0000000000000420       0x38 /home/user/lab-osek/OSEK-GroupProject/erika/lib/libee.a(ee_oo_alarm.c.o)
 .debug_aranges
                0x0000000000000458       0x38 /home/user/lab-osek/OSEK-GroupProject/erika/lib/libee.a(ee_atmega_intvect.c.o)
 .debug_aranges
                0x0000000000000490       0x20 /home/user/lab-osek/OSEK-GroupProject/erika/lib/libee.a(ee_avr8_asm.S.o)
 .debug_aranges
                0x00000000000004b0       0x28 /home/user/lab-osek/OSEK-GroupProject/erika/lib/libee.a(ee_avr8_irqstub.c.o)
 .debug_aranges
                0x00000000000004d8       0x28 /home/user/lab-osek/OSEK-GroupProject/erika/lib/libee.a(ee_atmega_system_timer.c.o)
 .debug_aranges
                0x0000000000000500       0x30 /home/user/lab-osek/OSEK-GroupProject/erika/lib/libee.a(ee_std_change_context.c.o)
 .debug_aranges
                0x0000000000000530       0x38 /home/user/lab-osek/OSEK-GroupProject/erika/lib/libee.a(ee_oo_counter.c.o)
 .debug_aranges
                0x0000000000000568       0x20 /home/user/lab-osek/OSEK-GroupProject/erika/lib/libee.a(ee_atmega_timer1ctc.c.o)
 .debug_aranges
                0x0000000000000588       0x20 /home/user/arduino-1.8.13/hardware/tools/avr/bin/../lib/gcc/avr/7.3.0/avr5/libgcc.a(_divmodhi4.o)
 .debug_aranges
                0x00000000000005a8       0x20 /home/user/arduino-1.8.13/hardware/tools/avr/bin/../lib/gcc/avr/7.3.0/avr5/libgcc.a(_udivmodsi4.o)
 .debug_aranges
                0x00000000000005c8       0x20 /home/user/arduino-1.8.13/hardware/tools/avr/bin/../lib/gcc/avr/7.3.0/avr5/libgcc.a(_exit.o)
 .debug_aranges
                0x00000000000005e8       0x20 /home/user/arduino-1.8.13/hardware/tools/avr/bin/../lib/gcc/avr/7.3.0/avr5/libgcc.a(_copy_data.o)
 .debug_aranges
                0x0000000000000608       0x20 /home/user/arduino-1.8.13/hardware/tools/avr/bin/../lib/gcc/avr/7.3.0/avr5/libgcc.a(_clear_bss.o)
 .debug_aranges
                0x0000000000000628       0x20 /home/user/arduino-1.8.13/hardware/tools/avr/bin/../lib/gcc/avr/7.3.0/avr5/libgcc.a(_ctors.o)
 .debug_aranges
                0x0000000000000648       0x20 /home/user/arduino-1.8.13/hardware/tools/avr/bin/../lib/gcc/avr/7.3.0/avr5/libgcc.a(_udivmodhi4.o)
 .debug_aranges
                0x0000000000000668       0x20 /home/user/arduino-1.8.13/hardware/tools/avr/bin/../lib/gcc/avr/7.3.0/avr5/libgcc.a(_tablejump2.o)
 .debug_aranges
                0x0000000000000688       0x20 /home/user/arduino-1.8.13/hardware/tools/avr/bin/../lib/gcc/avr/7.3.0/avr5/libgcc.a(_prologue.o)
 .debug_aranges
                0x00000000000006a8       0x20 /home/user/arduino-1.8.13/hardware/tools/avr/bin/../lib/gcc/avr/7.3.0/avr5/libgcc.a(_epilogue.o)

.debug_pubnames
 *(.debug_pubnames)

.debug_info     0x0000000000000000    0x15269
 *(.debug_info .gnu.linkonce.wi.*)
 .debug_info    0x0000000000000000      0x5f4 /home/user/arduino-1.8.13/hardware/tools/avr/bin/../lib/gcc/avr/7.3.0/../../../../avr/lib/avr5/crtatmega328p.o
 .debug_info    0x00000000000005f4      0x44d /home/user/lab-osek/OSEK-GroupProject/erika/lib/libarduinosdk.a(wiring.c.o)
 .debug_info    0x0000000000000a41      0x712 /home/user/lab-osek/OSEK-GroupProject/erika/lib/libarduinosdk.a(wiring_digital.c.o)
 .debug_info    0x0000000000001153      0x3d2 /home/user/lab-osek/OSEK-GroupProject/erika/lib/libarduinosdk.a(wiring_analog.c.o)
 .debug_info    0x0000000000001525     0x206d /home/user/lab-osek/OSEK-GroupProject/erika/lib/libarduinosdk.a(HardwareSerial.cpp.o)
 .debug_info    0x0000000000003592     0x1ca8 /home/user/lab-osek/OSEK-GroupProject/erika/lib/libarduinosdk.a(HardwareSerial0.cpp.o)
 .debug_info    0x000000000000523a     0x2bbb /home/user/lab-osek/OSEK-GroupProject/erika/lib/libarduinosdk.a(Print.cpp.o)
 .debug_info    0x0000000000007df5       0x3e /home/user/lab-osek/OSEK-GroupProject/erika/lib/libarduinosdk.a(hooks.c.o)
 .debug_info    0x0000000000007e33     0x2f64 /home/user/lab-osek/OSEK-GroupProject/erika/lib/libee.a(ee_oo_api_osek.c.o)
 .debug_info    0x000000000000ad97     0x10ea /home/user/lab-osek/OSEK-GroupProject/erika/lib/libee.a(ee_oo_sched_entry_points.c.o)
 .debug_info    0x000000000000be81     0x10a7 /home/user/lab-osek/OSEK-GroupProject/erika/lib/libee.a(ee_oo_scheduler.c.o)
 .debug_info    0x000000000000cf28     0x1494 /home/user/lab-osek/OSEK-GroupProject/erika/lib/libee.a(ee_oo_sched_partitioned.c.o)
 .debug_info    0x000000000000e3bc     0x1051 /home/user/lab-osek/OSEK-GroupProject/erika/lib/libee.a(ee_oo_alarm.c.o)
 .debug_info    0x000000000000f40d      0xd3f /home/user/lab-osek/OSEK-GroupProject/erika/lib/libee.a(ee_atmega_intvect.c.o)
 .debug_info    0x000000000001014c       0x90 /home/user/lab-osek/OSEK-GroupProject/erika/lib/libee.a(ee_avr8_asm.S.o)
 .debug_info    0x00000000000101dc      0xdf7 /home/user/lab-osek/OSEK-GroupProject/erika/lib/libee.a(ee_avr8_irqstub.c.o)
 .debug_info    0x0000000000010fd3      0xd46 /home/user/lab-osek/OSEK-GroupProject/erika/lib/libee.a(ee_atmega_system_timer.c.o)
 .debug_info    0x0000000000011d19      0xe8e /home/user/lab-osek/OSEK-GroupProject/erika/lib/libee.a(ee_std_change_context.c.o)
 .debug_info    0x0000000000012ba7     0x1315 /home/user/lab-osek/OSEK-GroupProject/erika/lib/libee.a(ee_oo_counter.c.o)
 .debug_info    0x0000000000013ebc      0xcff /home/user/lab-osek/OSEK-GroupProject/erika/lib/libee.a(ee_atmega_timer1ctc.c.o)
 .debug_info    0x0000000000014bbb       0xab /home/user/arduino-1.8.13/hardware/tools/avr/bin/../lib/gcc/avr/7.3.0/avr5/libgcc.a(_divmodhi4.o)
 .debug_info    0x0000000000014c66       0xab /home/user/arduino-1.8.13/hardware/tools/avr/bin/../lib/gcc/avr/7.3.0/avr5/libgcc.a(_udivmodsi4.o)
 .debug_info    0x0000000000014d11       0xab /home/user/arduino-1.8.13/hardware/tools/avr/bin/../lib/gcc/avr/7.3.0/avr5/libgcc.a(_exit.o)
 .debug_info    0x0000000000014dbc       0xab /home/user/arduino-1.8.13/hardware/tools/avr/bin/../lib/gcc/avr/7.3.0/avr5/libgcc.a(_copy_data.o)
 .debug_info    0x0000000000014e67       0xab /home/user/arduino-1.8.13/hardware/tools/avr/bin/../lib/gcc/avr/7.3.0/avr5/libgcc.a(_clear_bss.o)
 .debug_info    0x0000000000014f12       0xab /home/user/arduino-1.8.13/hardware/tools/avr/bin/../lib/gcc/avr/7.3.0/avr5/libgcc.a(_ctors.o)
 .debug_info    0x0000000000014fbd       0xab /home/user/arduino-1.8.13/hardware/tools/avr/bin/../lib/gcc/avr/7.3.0/avr5/libgcc.a(_udivmodhi4.o)
 .debug_info    0x0000000000015068       0xab /home/user/arduino-1.8.13/hardware/tools/avr/bin/../lib/gcc/avr/7.3.0/avr5/libgcc.a(_tablejump2.o)
 .debug_info    0x0000000000015113       0xab /home/user/arduino-1.8.13/hardware/tools/avr/bin/../lib/gcc/avr/7.3.0/avr5/libgcc.a(_prologue.o)
 .debug_info    0x00000000000151be       0xab /home/user/arduino-1.8.13/hardware/tools/avr/bin/../lib/gcc/avr/7.3.0/avr5/libgcc.a(_epilogue.o)

.debug_abbrev   0x0000000000000000     0x348d
 *(.debug_abbrev)
 .debug_abbrev  0x0000000000000000      0x5a2 /home/user/arduino-1.8.13/hardware/tools/avr/bin/../lib/gcc/avr/7.3.0/../../../../avr/lib/avr5/crtatmega328p.o
 .debug_abbrev  0x00000000000005a2      0x1e3 /home/user/lab-osek/OSEK-GroupProject/erika/lib/libarduinosdk.a(wiring.c.o)
 .debug_abbrev  0x0000000000000785      0x1fa /home/user/lab-osek/OSEK-GroupProject/erika/lib/libarduinosdk.a(wiring_digital.c.o)
 .debug_abbrev  0x000000000000097f      0x1e9 /home/user/lab-osek/OSEK-GroupProject/erika/lib/libarduinosdk.a(wiring_analog.c.o)
 .debug_abbrev  0x0000000000000b68      0x52a /home/user/lab-osek/OSEK-GroupProject/erika/lib/libarduinosdk.a(HardwareSerial.cpp.o)
 .debug_abbrev  0x0000000000001092      0x44e /home/user/lab-osek/OSEK-GroupProject/erika/lib/libarduinosdk.a(HardwareSerial0.cpp.o)
 .debug_abbrev  0x00000000000014e0      0x562 /home/user/lab-osek/OSEK-GroupProject/erika/lib/libarduinosdk.a(Print.cpp.o)
 .debug_abbrev  0x0000000000001a42       0x2a /home/user/lab-osek/OSEK-GroupProject/erika/lib/libarduinosdk.a(hooks.c.o)
 .debug_abbrev  0x0000000000001a6c      0x3fc /home/user/lab-osek/OSEK-GroupProject/erika/lib/libee.a(ee_oo_api_osek.c.o)
 .debug_abbrev  0x0000000000001e68      0x2cd /home/user/lab-osek/OSEK-GroupProject/erika/lib/libee.a(ee_oo_sched_entry_points.c.o)
 .debug_abbrev  0x0000000000002135      0x2a1 /home/user/lab-osek/OSEK-GroupProject/erika/lib/libee.a(ee_oo_scheduler.c.o)
 .debug_abbrev  0x00000000000023d6      0x2e0 /home/user/lab-osek/OSEK-GroupProject/erika/lib/libee.a(ee_oo_sched_partitioned.c.o)
 .debug_abbrev  0x00000000000026b6      0x22c /home/user/lab-osek/OSEK-GroupProject/erika/lib/libee.a(ee_oo_alarm.c.o)
 .debug_abbrev  0x00000000000028e2      0x16b /home/user/lab-osek/OSEK-GroupProject/erika/lib/libee.a(ee_atmega_intvect.c.o)
 .debug_abbrev  0x0000000000002a4d       0x14 /home/user/lab-osek/OSEK-GroupProject/erika/lib/libee.a(ee_avr8_asm.S.o)
 .debug_abbrev  0x0000000000002a61      0x1f8 /home/user/lab-osek/OSEK-GroupProject/erika/lib/libee.a(ee_avr8_irqstub.c.o)
 .debug_abbrev  0x0000000000002c59      0x194 /home/user/lab-osek/OSEK-GroupProject/erika/lib/libee.a(ee_atmega_system_timer.c.o)
 .debug_abbrev  0x0000000000002ded      0x184 /home/user/lab-osek/OSEK-GroupProject/erika/lib/libee.a(ee_std_change_context.c.o)
 .debug_abbrev  0x0000000000002f71      0x30e /home/user/lab-osek/OSEK-GroupProject/erika/lib/libee.a(ee_oo_counter.c.o)
 .debug_abbrev  0x000000000000327f      0x146 /home/user/lab-osek/OSEK-GroupProject/erika/lib/libee.a(ee_atmega_timer1ctc.c.o)
 .debug_abbrev  0x00000000000033c5       0x14 /home/user/arduino-1.8.13/hardware/tools/avr/bin/../lib/gcc/avr/7.3.0/avr5/libgcc.a(_divmodhi4.o)
 .debug_abbrev  0x00000000000033d9       0x14 /home/user/arduino-1.8.13/hardware/tools/avr/bin/../lib/gcc/avr/7.3.0/avr5/libgcc.a(_udivmodsi4.o)
 .debug_abbrev  0x00000000000033ed       0x14 /home/user/arduino-1.8.13/hardware/tools/avr/bin/../lib/gcc/avr/7.3.0/avr5/libgcc.a(_exit.o)
 .debug_abbrev  0x0000000000003401       0x14 /home/user/arduino-1.8.13/hardware/tools/avr/bin/../lib/gcc/avr/7.3.0/avr5/libgcc.a(_copy_data.o)
 .debug_abbrev  0x0000000000003415       0x14 /home/user/arduino-1.8.13/hardware/tools/avr/bin/../lib/gcc/avr/7.3.0/avr5/libgcc.a(_clear_bss.o)
 .debug_abbrev  0x0000000000003429       0x14 /home/user/arduino-1.8.13/hardware/tools/avr/bin/../lib/gcc/avr/7.3.0/avr5/libgcc.a(_ctors.o)
 .debug_abbrev  0x000000000000343d       0x14 /home/user/arduino-1.8.13/hardware/tools/avr/bin/../lib/gcc/avr/7.3.0/avr5/libgcc.a(_udivmodhi4.o)
 .debug_abbrev  0x0000000000003451       0x14 /home/user/arduino-1.8.13/hardware/tools/avr/bin/../lib/gcc/avr/7.3.0/avr5/libgcc.a(_tablejump2.o)
 .debug_abbrev  0x0000000000003465       0x14 /home/user/arduino-1.8.13/hardware/tools/avr/bin/../lib/gcc/avr/7.3.0/avr5/libgcc.a(_prologue.o)
 .debug_abbrev  0x0000000000003479       0x14 /home/user/arduino-1.8.13/hardware/tools/avr/bin/../lib/gcc/avr/7.3.0/avr5/libgcc.a(_epilogue.o)

.debug_line     0x0000000000000000     0x4a80
 *(.debug_line .debug_line.* .debug_line_end)
 .debug_line    0x0000000000000000       0x1a /home/user/arduino-1.8.13/hardware/tools/avr/bin/../lib/gcc/avr/7.3.0/../../../../avr/lib/avr5/crtatmega328p.o
 .debug_line    0x000000000000001a      0x335 /home/user/lab-osek/OSEK-GroupProject/erika/lib/libarduinosdk.a(wiring.c.o)
 .debug_line    0x000000000000034f      0x37f /home/user/lab-osek/OSEK-GroupProject/erika/lib/libarduinosdk.a(wiring_digital.c.o)
 .debug_line    0x00000000000006ce      0x2ba /home/user/lab-osek/OSEK-GroupProject/erika/lib/libarduinosdk.a(wiring_analog.c.o)
 .debug_line    0x0000000000000988      0x564 /home/user/lab-osek/OSEK-GroupProject/erika/lib/libarduinosdk.a(HardwareSerial.cpp.o)
 .debug_line    0x0000000000000eec      0x298 /home/user/lab-osek/OSEK-GroupProject/erika/lib/libarduinosdk.a(HardwareSerial0.cpp.o)
 .debug_line    0x0000000000001184      0x698 /home/user/lab-osek/OSEK-GroupProject/erika/lib/libarduinosdk.a(Print.cpp.o)
 .debug_line    0x000000000000181c       0x78 /home/user/lab-osek/OSEK-GroupProject/erika/lib/libarduinosdk.a(hooks.c.o)
 .debug_line    0x0000000000001894      0xf4c /home/user/lab-osek/OSEK-GroupProject/erika/lib/libee.a(ee_oo_api_osek.c.o)
 .debug_line    0x00000000000027e0      0x2a9 /home/user/lab-osek/OSEK-GroupProject/erika/lib/libee.a(ee_oo_sched_entry_points.c.o)
 .debug_line    0x0000000000002a89      0x354 /home/user/lab-osek/OSEK-GroupProject/erika/lib/libee.a(ee_oo_scheduler.c.o)
 .debug_line    0x0000000000002ddd      0x45c /home/user/lab-osek/OSEK-GroupProject/erika/lib/libee.a(ee_oo_sched_partitioned.c.o)
 .debug_line    0x0000000000003239      0x272 /home/user/lab-osek/OSEK-GroupProject/erika/lib/libee.a(ee_oo_alarm.c.o)
 .debug_line    0x00000000000034ab      0x1f1 /home/user/lab-osek/OSEK-GroupProject/erika/lib/libee.a(ee_atmega_intvect.c.o)
 .debug_line    0x000000000000369c       0xea /home/user/lab-osek/OSEK-GroupProject/erika/lib/libee.a(ee_avr8_asm.S.o)
 .debug_line    0x0000000000003786      0x20b /home/user/lab-osek/OSEK-GroupProject/erika/lib/libee.a(ee_avr8_irqstub.c.o)
 .debug_line    0x0000000000003991      0x1bd /home/user/lab-osek/OSEK-GroupProject/erika/lib/libee.a(ee_atmega_system_timer.c.o)
 .debug_line    0x0000000000003b4e      0x240 /home/user/lab-osek/OSEK-GroupProject/erika/lib/libee.a(ee_std_change_context.c.o)
 .debug_line    0x0000000000003d8e      0x3b8 /home/user/lab-osek/OSEK-GroupProject/erika/lib/libee.a(ee_oo_counter.c.o)
 .debug_line    0x0000000000004146      0x200 /home/user/lab-osek/OSEK-GroupProject/erika/lib/libee.a(ee_atmega_timer1ctc.c.o)
 .debug_line    0x0000000000004346       0xc8 /home/user/arduino-1.8.13/hardware/tools/avr/bin/../lib/gcc/avr/7.3.0/avr5/libgcc.a(_divmodhi4.o)
 .debug_line    0x000000000000440e      0x122 /home/user/arduino-1.8.13/hardware/tools/avr/bin/../lib/gcc/avr/7.3.0/avr5/libgcc.a(_udivmodsi4.o)
 .debug_line    0x0000000000004530       0x62 /home/user/arduino-1.8.13/hardware/tools/avr/bin/../lib/gcc/avr/7.3.0/avr5/libgcc.a(_exit.o)
 .debug_line    0x0000000000004592       0x98 /home/user/arduino-1.8.13/hardware/tools/avr/bin/../lib/gcc/avr/7.3.0/avr5/libgcc.a(_copy_data.o)
 .debug_line    0x000000000000462a       0x86 /home/user/arduino-1.8.13/hardware/tools/avr/bin/../lib/gcc/avr/7.3.0/avr5/libgcc.a(_clear_bss.o)
 .debug_line    0x00000000000046b0       0x92 /home/user/arduino-1.8.13/hardware/tools/avr/bin/../lib/gcc/avr/7.3.0/avr5/libgcc.a(_ctors.o)
 .debug_line    0x0000000000004742       0xce /home/user/arduino-1.8.13/hardware/tools/avr/bin/../lib/gcc/avr/7.3.0/avr5/libgcc.a(_udivmodhi4.o)
 .debug_line    0x0000000000004810       0x7a /home/user/arduino-1.8.13/hardware/tools/avr/bin/../lib/gcc/avr/7.3.0/avr5/libgcc.a(_tablejump2.o)
 .debug_line    0x000000000000488a       0xfe /home/user/arduino-1.8.13/hardware/tools/avr/bin/../lib/gcc/avr/7.3.0/avr5/libgcc.a(_prologue.o)
 .debug_line    0x0000000000004988       0xf8 /home/user/arduino-1.8.13/hardware/tools/avr/bin/../lib/gcc/avr/7.3.0/avr5/libgcc.a(_epilogue.o)

.debug_frame    0x0000000000000000      0xf34
 *(.debug_frame)
 .debug_frame   0x0000000000000000       0xc4 /home/user/lab-osek/OSEK-GroupProject/erika/lib/libarduinosdk.a(wiring.c.o)
 .debug_frame   0x00000000000000c4       0x7c /home/user/lab-osek/OSEK-GroupProject/erika/lib/libarduinosdk.a(wiring_digital.c.o)
 .debug_frame   0x0000000000000140       0x54 /home/user/lab-osek/OSEK-GroupProject/erika/lib/libarduinosdk.a(wiring_analog.c.o)
 .debug_frame   0x0000000000000194      0x110 /home/user/lab-osek/OSEK-GroupProject/erika/lib/libarduinosdk.a(HardwareSerial.cpp.o)
 .debug_frame   0x00000000000002a4       0xc0 /home/user/lab-osek/OSEK-GroupProject/erika/lib/libarduinosdk.a(HardwareSerial0.cpp.o)
 .debug_frame   0x0000000000000364      0x3cc /home/user/lab-osek/OSEK-GroupProject/erika/lib/libarduinosdk.a(Print.cpp.o)
 .debug_frame   0x0000000000000730       0x24 /home/user/lab-osek/OSEK-GroupProject/erika/lib/libarduinosdk.a(hooks.c.o)
 .debug_frame   0x0000000000000754      0x350 /home/user/lab-osek/OSEK-GroupProject/erika/lib/libee.a(ee_oo_api_osek.c.o)
 .debug_frame   0x0000000000000aa4       0x78 /home/user/lab-osek/OSEK-GroupProject/erika/lib/libee.a(ee_oo_sched_entry_points.c.o)
 .debug_frame   0x0000000000000b1c       0xb0 /home/user/lab-osek/OSEK-GroupProject/erika/lib/libee.a(ee_oo_scheduler.c.o)
 .debug_frame   0x0000000000000bcc      0x11c /home/user/lab-osek/OSEK-GroupProject/erika/lib/libee.a(ee_oo_sched_partitioned.c.o)
 .debug_frame   0x0000000000000ce8       0x60 /home/user/lab-osek/OSEK-GroupProject/erika/lib/libee.a(ee_oo_alarm.c.o)
 .debug_frame   0x0000000000000d48       0x54 /home/user/lab-osek/OSEK-GroupProject/erika/lib/libee.a(ee_atmega_intvect.c.o)
 .debug_frame   0x0000000000000d9c       0x34 /home/user/lab-osek/OSEK-GroupProject/erika/lib/libee.a(ee_avr8_irqstub.c.o)
 .debug_frame   0x0000000000000dd0       0x34 /home/user/lab-osek/OSEK-GroupProject/erika/lib/libee.a(ee_atmega_system_timer.c.o)
 .debug_frame   0x0000000000000e04       0x44 /home/user/lab-osek/OSEK-GroupProject/erika/lib/libee.a(ee_std_change_context.c.o)
 .debug_frame   0x0000000000000e48       0xc8 /home/user/lab-osek/OSEK-GroupProject/erika/lib/libee.a(ee_oo_counter.c.o)
 .debug_frame   0x0000000000000f10       0x24 /home/user/lab-osek/OSEK-GroupProject/erika/lib/libee.a(ee_atmega_timer1ctc.c.o)

.debug_str      0x0000000000000000     0x41f8
 *(.debug_str)
 .debug_str     0x0000000000000000      0x208 /home/user/arduino-1.8.13/hardware/tools/avr/bin/../lib/gcc/avr/7.3.0/../../../../avr/lib/avr5/crtatmega328p.o
 .debug_str     0x0000000000000208      0x281 /home/user/lab-osek/OSEK-GroupProject/erika/lib/libarduinosdk.a(wiring.c.o)
                                        0x2d1 (size before relaxing)
 .debug_str     0x0000000000000489       0x97 /home/user/lab-osek/OSEK-GroupProject/erika/lib/libarduinosdk.a(wiring_digital.c.o)
                                        0x2aa (size before relaxing)
 .debug_str     0x0000000000000520       0x8a /home/user/lab-osek/OSEK-GroupProject/erika/lib/libarduinosdk.a(wiring_analog.c.o)
                                        0x2bc (size before relaxing)
 .debug_str     0x00000000000005aa     0x1489 /home/user/lab-osek/OSEK-GroupProject/erika/lib/libarduinosdk.a(HardwareSerial.cpp.o)
                                       0x16a8 (size before relaxing)
 .debug_str     0x0000000000001a33      0x141 /home/user/lab-osek/OSEK-GroupProject/erika/lib/libarduinosdk.a(HardwareSerial0.cpp.o)
                                       0x14e3 (size before relaxing)
 .debug_str     0x0000000000001b74      0x406 /home/user/lab-osek/OSEK-GroupProject/erika/lib/libarduinosdk.a(Print.cpp.o)
                                       0x12df (size before relaxing)
 .debug_str     0x0000000000001f7a       0x4d /home/user/lab-osek/OSEK-GroupProject/erika/lib/libarduinosdk.a(hooks.c.o)
                                         0xe2 (size before relaxing)
 .debug_str     0x0000000000001fc7     0x1854 /home/user/lab-osek/OSEK-GroupProject/erika/lib/libee.a(ee_oo_api_osek.c.o)
                                       0x1bb3 (size before relaxing)
 .debug_str     0x000000000000381b      0x16d /home/user/lab-osek/OSEK-GroupProject/erika/lib/libee.a(ee_oo_sched_entry_points.c.o)
                                        0xec1 (size before relaxing)
 .debug_str     0x0000000000003988      0x1bf /home/user/lab-osek/OSEK-GroupProject/erika/lib/libee.a(ee_oo_scheduler.c.o)
                                        0xdcd (size before relaxing)
 .debug_str     0x0000000000003b47      0x18a /home/user/lab-osek/OSEK-GroupProject/erika/lib/libee.a(ee_oo_sched_partitioned.c.o)
                                        0xf4f (size before relaxing)
 .debug_str     0x0000000000003cd1       0xe3 /home/user/lab-osek/OSEK-GroupProject/erika/lib/libee.a(ee_oo_alarm.c.o)
                                        0xd2f (size before relaxing)
 .debug_str     0x0000000000003db4       0x94 /home/user/lab-osek/OSEK-GroupProject/erika/lib/libee.a(ee_atmega_intvect.c.o)
                                        0xc68 (size before relaxing)
 .debug_str     0x0000000000003e48       0x83 /home/user/lab-osek/OSEK-GroupProject/erika/lib/libee.a(ee_avr8_irqstub.c.o)
                                        0xcda (size before relaxing)
 .debug_str     0x0000000000003ecb       0x97 /home/user/lab-osek/OSEK-GroupProject/erika/lib/libee.a(ee_atmega_system_timer.c.o)
                                        0xca0 (size before relaxing)
 .debug_str     0x0000000000003f62       0xbe /home/user/lab-osek/OSEK-GroupProject/erika/lib/libee.a(ee_std_change_context.c.o)
                                        0xd29 (size before relaxing)
 .debug_str     0x0000000000004020      0x15a /home/user/lab-osek/OSEK-GroupProject/erika/lib/libee.a(ee_oo_counter.c.o)
                                        0xe9b (size before relaxing)
 .debug_str     0x000000000000417a       0x7e /home/user/lab-osek/OSEK-GroupProject/erika/lib/libee.a(ee_atmega_timer1ctc.c.o)
                                        0xc73 (size before relaxing)

.debug_loc      0x0000000000000000     0x676e
 *(.debug_loc)
 .debug_loc     0x0000000000000000      0x282 /home/user/lab-osek/OSEK-GroupProject/erika/lib/libarduinosdk.a(wiring.c.o)
 .debug_loc     0x0000000000000282      0x658 /home/user/lab-osek/OSEK-GroupProject/erika/lib/libarduinosdk.a(wiring_digital.c.o)
 .debug_loc     0x00000000000008da      0x119 /home/user/lab-osek/OSEK-GroupProject/erika/lib/libarduinosdk.a(wiring_analog.c.o)
 .debug_loc     0x00000000000009f3      0x47c /home/user/lab-osek/OSEK-GroupProject/erika/lib/libarduinosdk.a(HardwareSerial.cpp.o)
 .debug_loc     0x0000000000000e6f      0x18a /home/user/lab-osek/OSEK-GroupProject/erika/lib/libarduinosdk.a(HardwareSerial0.cpp.o)
 .debug_loc     0x0000000000000ff9     0x1cde /home/user/lab-osek/OSEK-GroupProject/erika/lib/libarduinosdk.a(Print.cpp.o)
 .debug_loc     0x0000000000002cd7     0x1682 /home/user/lab-osek/OSEK-GroupProject/erika/lib/libee.a(ee_oo_api_osek.c.o)
 .debug_loc     0x0000000000004359      0x12b /home/user/lab-osek/OSEK-GroupProject/erika/lib/libee.a(ee_oo_sched_entry_points.c.o)
 .debug_loc     0x0000000000004484      0x6d4 /home/user/lab-osek/OSEK-GroupProject/erika/lib/libee.a(ee_oo_scheduler.c.o)
 .debug_loc     0x0000000000004b58      0xad1 /home/user/lab-osek/OSEK-GroupProject/erika/lib/libee.a(ee_oo_sched_partitioned.c.o)
 .debug_loc     0x0000000000005629      0x48b /home/user/lab-osek/OSEK-GroupProject/erika/lib/libee.a(ee_oo_alarm.c.o)
 .debug_loc     0x0000000000005ab4       0x80 /home/user/lab-osek/OSEK-GroupProject/erika/lib/libee.a(ee_avr8_irqstub.c.o)
 .debug_loc     0x0000000000005b34      0x312 /home/user/lab-osek/OSEK-GroupProject/erika/lib/libee.a(ee_std_change_context.c.o)
 .debug_loc     0x0000000000005e46      0x7c5 /home/user/lab-osek/OSEK-GroupProject/erika/lib/libee.a(ee_oo_counter.c.o)
 .debug_loc     0x000000000000660b      0x163 /home/user/lab-osek/OSEK-GroupProject/erika/lib/libee.a(ee_atmega_timer1ctc.c.o)

.debug_macinfo
 *(.debug_macinfo)

.debug_weaknames
 *(.debug_weaknames)

.debug_funcnames
 *(.debug_funcnames)

.debug_typenames
 *(.debug_typenames)

.debug_varnames
 *(.debug_varnames)

.debug_pubtypes
 *(.debug_pubtypes)

.debug_ranges   0x0000000000000000      0x860
 *(.debug_ranges)
 .debug_ranges  0x0000000000000000       0x38 /home/user/lab-osek/OSEK-GroupProject/erika/lib/libarduinosdk.a(wiring.c.o)
 .debug_ranges  0x0000000000000038       0x40 /home/user/lab-osek/OSEK-GroupProject/erika/lib/libarduinosdk.a(wiring_digital.c.o)
 .debug_ranges  0x0000000000000078       0x20 /home/user/lab-osek/OSEK-GroupProject/erika/lib/libarduinosdk.a(wiring_analog.c.o)
 .debug_ranges  0x0000000000000098       0x70 /home/user/lab-osek/OSEK-GroupProject/erika/lib/libarduinosdk.a(HardwareSerial.cpp.o)
 .debug_ranges  0x0000000000000108       0x40 /home/user/lab-osek/OSEK-GroupProject/erika/lib/libarduinosdk.a(HardwareSerial0.cpp.o)
 .debug_ranges  0x0000000000000148      0x138 /home/user/lab-osek/OSEK-GroupProject/erika/lib/libarduinosdk.a(Print.cpp.o)
 .debug_ranges  0x0000000000000280       0x10 /home/user/lab-osek/OSEK-GroupProject/erika/lib/libarduinosdk.a(hooks.c.o)
 .debug_ranges  0x0000000000000290      0x2b0 /home/user/lab-osek/OSEK-GroupProject/erika/lib/libee.a(ee_oo_api_osek.c.o)
 .debug_ranges  0x0000000000000540       0x40 /home/user/lab-osek/OSEK-GroupProject/erika/lib/libee.a(ee_oo_sched_entry_points.c.o)
 .debug_ranges  0x0000000000000580       0x58 /home/user/lab-osek/OSEK-GroupProject/erika/lib/libee.a(ee_oo_scheduler.c.o)
 .debug_ranges  0x00000000000005d8       0x98 /home/user/lab-osek/OSEK-GroupProject/erika/lib/libee.a(ee_oo_sched_partitioned.c.o)
 .debug_ranges  0x0000000000000670       0x40 /home/user/lab-osek/OSEK-GroupProject/erika/lib/libee.a(ee_oo_alarm.c.o)
 .debug_ranges  0x00000000000006b0       0x28 /home/user/lab-osek/OSEK-GroupProject/erika/lib/libee.a(ee_atmega_intvect.c.o)
 .debug_ranges  0x00000000000006d8       0x18 /home/user/lab-osek/OSEK-GroupProject/erika/lib/libee.a(ee_avr8_irqstub.c.o)
 .debug_ranges  0x00000000000006f0       0x18 /home/user/lab-osek/OSEK-GroupProject/erika/lib/libee.a(ee_atmega_system_timer.c.o)
 .debug_ranges  0x0000000000000708       0x20 /home/user/lab-osek/OSEK-GroupProject/erika/lib/libee.a(ee_std_change_context.c.o)
 .debug_ranges  0x0000000000000728      0x128 /home/user/lab-osek/OSEK-GroupProject/erika/lib/libee.a(ee_oo_counter.c.o)
 .debug_ranges  0x0000000000000850       0x10 /home/user/lab-osek/OSEK-GroupProject/erika/lib/libee.a(ee_atmega_timer1ctc.c.o)

.debug_macro
 *(.debug_macro)
OUTPUT(arduino.elf elf32-avr)
LOAD linker stubs
